// Jest Snapshot v1, https://goo.gl/fbAQLP

exports[`Search container should render (snapshot) 1`] = `
<Search
  handleChange={[Function]}
  handleClear={[Function]}
  handleKeyUp={[Function]}
  handleQueryChange={[Function]}
  handleSearch={[Function]}
  handleSubmit={[Function]}
  handleSuggestions={[Function]}
  value=""
/>
`;
